mode: atomic
github.com/yourorg/gobank/internal/usecase/account/usecase.go:24.109,26.2 1 9
github.com/yourorg/gobank/internal/usecase/account/usecase.go:28.131,30.16 2 20
github.com/yourorg/gobank/internal/usecase/account/usecase.go:30.16,32.3 1 0
github.com/yourorg/gobank/internal/usecase/account/usecase.go:33.2,33.24 1 20
github.com/yourorg/gobank/internal/usecase/account/usecase.go:33.24,35.3 1 1
github.com/yourorg/gobank/internal/usecase/account/usecase.go:37.2,50.57 3 19
github.com/yourorg/gobank/internal/usecase/account/usecase.go:50.57,52.3 1 0
github.com/yourorg/gobank/internal/usecase/account/usecase.go:54.2,65.18 2 19
github.com/yourorg/gobank/internal/usecase/account/usecase.go:68.106,70.16 2 3
github.com/yourorg/gobank/internal/usecase/account/usecase.go:70.16,72.3 1 1
github.com/yourorg/gobank/internal/usecase/account/usecase.go:74.2,74.27 1 2
github.com/yourorg/gobank/internal/usecase/account/usecase.go:74.27,76.3 1 1
github.com/yourorg/gobank/internal/usecase/account/usecase.go:77.2,77.18 1 1
github.com/yourorg/gobank/internal/usecase/account/usecase.go:80.98,82.2 1 3
github.com/yourorg/gobank/internal/usecase/account/usecase.go:85.37,91.2 5 19
github.com/yourorg/gobank/internal/usecase/account/usecase.go:93.46,97.31 4 19
github.com/yourorg/gobank/internal/usecase/account/usecase.go:97.31,99.20 2 228
github.com/yourorg/gobank/internal/usecase/account/usecase.go:99.20,101.17 2 114
github.com/yourorg/gobank/internal/usecase/account/usecase.go:101.17,103.5 1 57
github.com/yourorg/gobank/internal/usecase/account/usecase.go:105.3,105.15 1 228
github.com/yourorg/gobank/internal/usecase/account/usecase.go:107.2,108.42 2 19
github.com/yourorg/gobank/internal/usecase/auth/usecase.go:33.12,41.2 1 4
github.com/yourorg/gobank/internal/usecase/auth/usecase.go:43.115,45.57 2 4
github.com/yourorg/gobank/internal/usecase/auth/usecase.go:45.57,47.3 1 0
github.com/yourorg/gobank/internal/usecase/auth/usecase.go:48.2,48.21 1 4
github.com/yourorg/gobank/internal/usecase/auth/usecase.go:48.21,50.3 1 1
github.com/yourorg/gobank/internal/usecase/auth/usecase.go:52.2,53.16 2 3
github.com/yourorg/gobank/internal/usecase/auth/usecase.go:53.16,55.3 1 0
github.com/yourorg/gobank/internal/usecase/auth/usecase.go:57.2,70.54 3 3
github.com/yourorg/gobank/internal/usecase/auth/usecase.go:70.54,72.3 1 0
github.com/yourorg/gobank/internal/usecase/auth/usecase.go:75.2,88.18 3 3
github.com/yourorg/gobank/internal/usecase/auth/usecase.go:91.125,93.42 2 2
github.com/yourorg/gobank/internal/usecase/auth/usecase.go:93.42,95.3 1 1
github.com/yourorg/gobank/internal/usecase/auth/usecase.go:96.2,96.16 1 1
github.com/yourorg/gobank/internal/usecase/auth/usecase.go:96.16,98.3 1 0
github.com/yourorg/gobank/internal/usecase/auth/usecase.go:100.2,100.47 1 1
github.com/yourorg/gobank/internal/usecase/auth/usecase.go:100.47,102.3 1 0
github.com/yourorg/gobank/internal/usecase/auth/usecase.go:104.2,105.26 2 1
github.com/yourorg/gobank/internal/usecase/auth/usecase.go:105.26,107.3 1 0
github.com/yourorg/gobank/internal/usecase/auth/usecase.go:109.2,110.16 2 1
github.com/yourorg/gobank/internal/usecase/auth/usecase.go:110.16,112.3 1 0
github.com/yourorg/gobank/internal/usecase/auth/usecase.go:114.2,115.16 2 1
github.com/yourorg/gobank/internal/usecase/auth/usecase.go:115.16,117.3 1 0
github.com/yourorg/gobank/internal/usecase/auth/usecase.go:120.2,121.16 2 1
github.com/yourorg/gobank/internal/usecase/auth/usecase.go:121.16,123.3 1 0
github.com/yourorg/gobank/internal/usecase/auth/usecase.go:125.2,133.17 2 1
github.com/yourorg/gobank/internal/usecase/auth/usecase.go:133.17,135.3 1 0
github.com/yourorg/gobank/internal/usecase/auth/usecase.go:137.2,153.8 2 1
github.com/yourorg/gobank/internal/usecase/auth/usecase.go:156.103,158.16 2 1
github.com/yourorg/gobank/internal/usecase/auth/usecase.go:158.16,160.3 1 0
github.com/yourorg/gobank/internal/usecase/auth/usecase.go:162.2,163.16 2 1
github.com/yourorg/gobank/internal/usecase/auth/usecase.go:163.16,165.3 1 0
github.com/yourorg/gobank/internal/usecase/auth/usecase.go:167.2,168.60 2 1
github.com/yourorg/gobank/internal/usecase/auth/usecase.go:168.60,170.3 1 0
github.com/yourorg/gobank/internal/usecase/auth/usecase.go:171.2,171.16 1 1
github.com/yourorg/gobank/internal/usecase/auth/usecase.go:171.16,173.3 1 0
github.com/yourorg/gobank/internal/usecase/auth/usecase.go:175.2,175.40 1 1
github.com/yourorg/gobank/internal/usecase/auth/usecase.go:175.40,177.3 1 0
github.com/yourorg/gobank/internal/usecase/auth/usecase.go:180.2,180.69 1 1
github.com/yourorg/gobank/internal/usecase/auth/usecase.go:180.69,182.3 1 0
github.com/yourorg/gobank/internal/usecase/auth/usecase.go:184.2,185.16 2 1
github.com/yourorg/gobank/internal/usecase/auth/usecase.go:185.16,187.3 1 0
github.com/yourorg/gobank/internal/usecase/auth/usecase.go:189.2,190.16 2 1
github.com/yourorg/gobank/internal/usecase/auth/usecase.go:190.16,192.3 1 0
github.com/yourorg/gobank/internal/usecase/auth/usecase.go:194.2,195.16 2 1
github.com/yourorg/gobank/internal/usecase/auth/usecase.go:195.16,197.3 1 0
github.com/yourorg/gobank/internal/usecase/auth/usecase.go:199.2,200.16 2 1
github.com/yourorg/gobank/internal/usecase/auth/usecase.go:200.16,202.3 1 0
github.com/yourorg/gobank/internal/usecase/auth/usecase.go:204.2,205.16 2 1
github.com/yourorg/gobank/internal/usecase/auth/usecase.go:205.16,207.3 1 0
github.com/yourorg/gobank/internal/usecase/auth/usecase.go:209.2,217.17 2 1
github.com/yourorg/gobank/internal/usecase/auth/usecase.go:217.17,219.3 1 0
github.com/yourorg/gobank/internal/usecase/auth/usecase.go:221.2,225.8 1 1
github.com/yourorg/gobank/internal/usecase/auth/usecase.go:228.87,229.76 1 0
github.com/yourorg/gobank/internal/usecase/auth/usecase.go:229.76,231.3 1 0
github.com/yourorg/gobank/internal/usecase/auth/usecase.go:233.2,245.12 3 0
github.com/yourorg/gobank/internal/usecase/transaction/usecase.go:38.12,47.2 1 3
github.com/yourorg/gobank/internal/usecase/transaction/usecase.go:50.140,63.16 6 4
github.com/yourorg/gobank/internal/usecase/transaction/usecase.go:63.16,65.3 1 0
github.com/yourorg/gobank/internal/usecase/transaction/usecase.go:66.2,66.21 1 4
github.com/yourorg/gobank/internal/usecase/transaction/usecase.go:66.21,69.59 2 1
github.com/yourorg/gobank/internal/usecase/transaction/usecase.go:69.59,71.4 1 0
github.com/yourorg/gobank/internal/usecase/transaction/usecase.go:72.3,72.22 1 1
github.com/yourorg/gobank/internal/usecase/transaction/usecase.go:76.2,76.87 1 3
github.com/yourorg/gobank/internal/usecase/transaction/usecase.go:76.87,78.3 1 0
github.com/yourorg/gobank/internal/usecase/transaction/usecase.go:80.2,81.16 2 3
github.com/yourorg/gobank/internal/usecase/transaction/usecase.go:81.16,83.3 1 0
github.com/yourorg/gobank/internal/usecase/transaction/usecase.go:84.2,85.16 2 3
github.com/yourorg/gobank/internal/usecase/transaction/usecase.go:85.16,87.3 1 0
github.com/yourorg/gobank/internal/usecase/transaction/usecase.go:88.2,88.20 1 3
github.com/yourorg/gobank/internal/usecase/transaction/usecase.go:88.20,90.3 1 0
github.com/yourorg/gobank/internal/usecase/transaction/usecase.go:92.2,127.97 5 3
github.com/yourorg/gobank/internal/usecase/transaction/usecase.go:127.97,130.38 2 3
github.com/yourorg/gobank/internal/usecase/transaction/usecase.go:130.38,132.4 1 1
github.com/yourorg/gobank/internal/usecase/transaction/usecase.go:134.3,135.17 2 3
github.com/yourorg/gobank/internal/usecase/transaction/usecase.go:135.17,137.4 1 0
github.com/yourorg/gobank/internal/usecase/transaction/usecase.go:138.3,139.17 2 3
github.com/yourorg/gobank/internal/usecase/transaction/usecase.go:139.17,141.4 1 0
github.com/yourorg/gobank/internal/usecase/transaction/usecase.go:144.3,144.20 1 3
github.com/yourorg/gobank/internal/usecase/transaction/usecase.go:144.20,146.4 1 1
github.com/yourorg/gobank/internal/usecase/transaction/usecase.go:149.3,149.32 1 3
github.com/yourorg/gobank/internal/usecase/transaction/usecase.go:149.32,151.4 1 0
github.com/yourorg/gobank/internal/usecase/transaction/usecase.go:152.3,152.99 1 3
github.com/yourorg/gobank/internal/usecase/transaction/usecase.go:152.99,154.4 1 0
github.com/yourorg/gobank/internal/usecase/transaction/usecase.go:155.3,155.75 1 3
github.com/yourorg/gobank/internal/usecase/transaction/usecase.go:155.75,157.4 1 0
github.com/yourorg/gobank/internal/usecase/transaction/usecase.go:158.3,158.36 1 3
github.com/yourorg/gobank/internal/usecase/transaction/usecase.go:158.36,160.4 1 1
github.com/yourorg/gobank/internal/usecase/transaction/usecase.go:163.3,163.63 1 2
github.com/yourorg/gobank/internal/usecase/transaction/usecase.go:163.63,165.4 1 0
github.com/yourorg/gobank/internal/usecase/transaction/usecase.go:168.3,168.84 1 2
github.com/yourorg/gobank/internal/usecase/transaction/usecase.go:168.84,170.4 1 0
github.com/yourorg/gobank/internal/usecase/transaction/usecase.go:173.3,173.81 1 2
github.com/yourorg/gobank/internal/usecase/transaction/usecase.go:173.81,175.4 1 0
github.com/yourorg/gobank/internal/usecase/transaction/usecase.go:178.3,178.105 1 2
github.com/yourorg/gobank/internal/usecase/transaction/usecase.go:178.105,180.4 1 0
github.com/yourorg/gobank/internal/usecase/transaction/usecase.go:182.3,183.13 2 2
github.com/yourorg/gobank/internal/usecase/transaction/usecase.go:186.2,186.18 1 3
github.com/yourorg/gobank/internal/usecase/transaction/usecase.go:186.18,208.3 6 1
github.com/yourorg/gobank/internal/usecase/transaction/usecase.go:210.2,215.57 4 2
github.com/yourorg/gobank/internal/usecase/transaction/usecase.go:215.57,217.3 1 2
github.com/yourorg/gobank/internal/usecase/transaction/usecase.go:219.2,236.23 3 2
github.com/yourorg/gobank/internal/usecase/transaction/usecase.go:239.120,241.16 2 0
github.com/yourorg/gobank/internal/usecase/transaction/usecase.go:241.16,243.3 1 0
github.com/yourorg/gobank/internal/usecase/transaction/usecase.go:245.2,245.30 1 0
github.com/yourorg/gobank/internal/usecase/transaction/usecase.go:245.30,247.42 2 0
github.com/yourorg/gobank/internal/usecase/transaction/usecase.go:247.42,249.4 1 0
github.com/yourorg/gobank/internal/usecase/transaction/usecase.go:251.2,251.28 1 0
github.com/yourorg/gobank/internal/usecase/transaction/usecase.go:251.28,253.42 2 0
github.com/yourorg/gobank/internal/usecase/transaction/usecase.go:253.42,255.4 1 0
github.com/yourorg/gobank/internal/usecase/transaction/usecase.go:257.2,257.26 1 0
github.com/yourorg/gobank/internal/usecase/transaction/usecase.go:260.146,262.16 2 0
github.com/yourorg/gobank/internal/usecase/transaction/usecase.go:262.16,264.3 1 0
github.com/yourorg/gobank/internal/usecase/transaction/usecase.go:266.2,267.16 2 0
github.com/yourorg/gobank/internal/usecase/transaction/usecase.go:267.16,269.3 1 0
github.com/yourorg/gobank/internal/usecase/transaction/usecase.go:270.2,270.27 1 0
github.com/yourorg/gobank/internal/usecase/transaction/usecase.go:270.27,272.3 1 0
github.com/yourorg/gobank/internal/usecase/transaction/usecase.go:273.2,273.75 1 0
github.com/yourorg/gobank/cmd/server/main.go:34.13,37.16 2 0
github.com/yourorg/gobank/cmd/server/main.go:37.16,38.49 1 0
github.com/yourorg/gobank/cmd/server/main.go:42.2,43.16 2 0
github.com/yourorg/gobank/cmd/server/main.go:43.16,44.49 1 0
github.com/yourorg/gobank/cmd/server/main.go:46.2,50.16 3 0
github.com/yourorg/gobank/cmd/server/main.go:50.16,52.3 1 0
github.com/yourorg/gobank/cmd/server/main.go:53.2,53.15 1 0
github.com/yourorg/gobank/cmd/server/main.go:53.15,57.3 3 0
github.com/yourorg/gobank/cmd/server/main.go:60.2,61.16 2 0
github.com/yourorg/gobank/cmd/server/main.go:61.16,63.3 1 0
github.com/yourorg/gobank/cmd/server/main.go:64.2,69.16 5 0
github.com/yourorg/gobank/cmd/server/main.go:69.16,71.3 1 0
github.com/yourorg/gobank/cmd/server/main.go:72.2,74.58 2 0
github.com/yourorg/gobank/cmd/server/main.go:74.58,76.3 1 0
github.com/yourorg/gobank/cmd/server/main.go:77.2,85.61 3 0
github.com/yourorg/gobank/cmd/server/main.go:85.61,87.3 1 0
github.com/yourorg/gobank/cmd/server/main.go:88.2,96.16 3 0
github.com/yourorg/gobank/cmd/server/main.go:96.16,98.3 1 0
github.com/yourorg/gobank/cmd/server/main.go:99.2,113.16 11 0
github.com/yourorg/gobank/cmd/server/main.go:113.16,115.3 1 0
github.com/yourorg/gobank/cmd/server/main.go:117.2,118.16 2 0
github.com/yourorg/gobank/cmd/server/main.go:118.16,120.3 1 0
github.com/yourorg/gobank/cmd/server/main.go:122.2,125.49 3 0
github.com/yourorg/gobank/cmd/server/main.go:125.49,127.3 1 0
github.com/yourorg/gobank/cmd/server/main.go:130.2,173.12 14 0
github.com/yourorg/gobank/cmd/server/main.go:173.12,174.85 1 0
github.com/yourorg/gobank/cmd/server/main.go:174.85,176.4 1 0
github.com/yourorg/gobank/cmd/server/main.go:179.2,189.57 7 0
github.com/yourorg/gobank/cmd/server/main.go:189.57,191.3 1 0
github.com/yourorg/gobank/cmd/server/main.go:193.2,193.36 1 0
github.com/yourorg/gobank/internal/delivery/http/server.go:31.11,45.64 10 0
github.com/yourorg/gobank/internal/delivery/http/server.go:45.64,48.3 2 0
github.com/yourorg/gobank/internal/delivery/http/server.go:51.2,51.40 1 0
github.com/yourorg/gobank/internal/delivery/http/server.go:51.40,53.30 1 0
github.com/yourorg/gobank/internal/delivery/http/server.go:53.30,58.4 4 0
github.com/yourorg/gobank/internal/delivery/http/server.go:61.3,61.30 1 0
github.com/yourorg/gobank/internal/delivery/http/server.go:61.30,67.44 3 0
github.com/yourorg/gobank/internal/delivery/http/server.go:67.44,71.5 3 0
github.com/yourorg/gobank/internal/delivery/http/server.go:74.4,74.48 1 0
github.com/yourorg/gobank/internal/delivery/http/server.go:74.48,78.5 3 0
github.com/yourorg/gobank/internal/delivery/http/server.go:81.4,81.39 1 0
github.com/yourorg/gobank/internal/delivery/http/server.go:81.39,84.5 2 0
github.com/yourorg/gobank/internal/delivery/http/server.go:87.4,87.31 1 0
github.com/yourorg/gobank/internal/delivery/http/server.go:87.31,90.5 2 0
github.com/yourorg/gobank/internal/delivery/http/server.go:94.2,102.37 2 0
github.com/yourorg/gobank/internal/delivery/http/server.go:105.32,108.2 2 0
github.com/yourorg/gobank/internal/delivery/http/server.go:110.54,113.2 2 0
github.com/yourorg/gobank/internal/delivery/http/server.go:115.41,117.2 1 0
github.com/yourorg/gobank/internal/delivery/grpc/server.go:13.58,18.2 1 0
github.com/yourorg/gobank/internal/delivery/grpc/server.go:20.47,23.2 2 0
github.com/yourorg/gobank/configs/config.go:67.30,81.45 11 0
github.com/yourorg/gobank/configs/config.go:81.45,83.3 1 0
github.com/yourorg/gobank/configs/config.go:85.2,86.46 2 0
github.com/yourorg/gobank/configs/config.go:86.46,88.3 1 0
github.com/yourorg/gobank/configs/config.go:90.2,90.18 1 0
github.com/yourorg/gobank/internal/messaging/consumer.go:19.117,21.16 2 0
github.com/yourorg/gobank/internal/messaging/consumer.go:21.16,23.3 1 0
github.com/yourorg/gobank/internal/messaging/consumer.go:24.2,24.68 1 0
github.com/yourorg/gobank/internal/messaging/consumer.go:27.58,28.63 1 0
github.com/yourorg/gobank/internal/messaging/consumer.go:28.63,30.58 2 0
github.com/yourorg/gobank/internal/messaging/consumer.go:30.58,34.4 3 0
github.com/yourorg/gobank/internal/messaging/consumer.go:36.3,36.66 1 0
github.com/yourorg/gobank/internal/messaging/consumer.go:36.66,43.4 3 0
github.com/yourorg/gobank/internal/messaging/consumer.go:45.3,45.16 1 0
github.com/yourorg/gobank/internal/messaging/consumer.go:48.2,48.16 1 0
github.com/yourorg/gobank/internal/messaging/consumer.go:48.16,50.3 1 0
github.com/yourorg/gobank/internal/messaging/consumer.go:52.2,52.12 1 0
github.com/yourorg/gobank/internal/messaging/consumer.go:52.12,55.3 2 0
github.com/yourorg/gobank/internal/messaging/consumer.go:57.2,57.12 1 0
github.com/yourorg/gobank/internal/messaging/publisher.go:26.79,28.16 2 0
github.com/yourorg/gobank/internal/messaging/publisher.go:28.16,30.3 1 0
github.com/yourorg/gobank/internal/messaging/publisher.go:33.2,39.57 2 0
github.com/yourorg/gobank/internal/messaging/publisher.go:39.57,41.3 1 0
github.com/yourorg/gobank/internal/messaging/publisher.go:43.2,43.46 1 0
github.com/yourorg/gobank/internal/messaging/publisher.go:46.97,48.16 2 0
github.com/yourorg/gobank/internal/messaging/publisher.go:48.16,50.3 1 0
github.com/yourorg/gobank/internal/messaging/publisher.go:52.2,52.55 1 0
github.com/yourorg/gobank/internal/messaging/publisher.go:52.55,58.3 2 0
github.com/yourorg/gobank/internal/messaging/publisher.go:59.2,59.12 1 0
github.com/yourorg/gobank/internal/repository/redis/idempotency.go:15.66,17.2 1 0
github.com/yourorg/gobank/internal/repository/redis/idempotency.go:20.112,22.16 2 0
github.com/yourorg/gobank/internal/repository/redis/idempotency.go:22.16,24.3 1 0
github.com/yourorg/gobank/internal/repository/redis/idempotency.go:25.2,25.20 1 0
github.com/yourorg/gobank/internal/repository/redis/idempotency.go:28.81,30.22 2 0
github.com/yourorg/gobank/internal/repository/redis/idempotency.go:30.22,32.3 1 0
github.com/yourorg/gobank/internal/repository/redis/idempotency.go:33.2,33.17 1 0
github.com/yourorg/gobank/internal/repository/redis/idempotency.go:36.74,38.2 1 0
github.com/yourorg/gobank/internal/delivery/http/middleware/auth.go:19.72,20.46 1 0
github.com/yourorg/gobank/internal/delivery/http/middleware/auth.go:20.46,21.72 1 0
github.com/yourorg/gobank/internal/delivery/http/middleware/auth.go:21.72,23.24 2 0
github.com/yourorg/gobank/internal/delivery/http/middleware/auth.go:23.24,26.5 2 0
github.com/yourorg/gobank/internal/delivery/http/middleware/auth.go:28.4,29.65 2 0
github.com/yourorg/gobank/internal/delivery/http/middleware/auth.go:29.65,32.5 2 0
github.com/yourorg/gobank/internal/delivery/http/middleware/auth.go:34.4,35.18 2 0
github.com/yourorg/gobank/internal/delivery/http/middleware/auth.go:35.18,38.5 2 0
github.com/yourorg/gobank/internal/delivery/http/middleware/auth.go:40.4,42.41 3 0
github.com/yourorg/gobank/internal/delivery/http/middleware/auth.go:47.67,49.26 2 0
github.com/yourorg/gobank/internal/delivery/http/middleware/auth.go:49.26,51.3 1 0
github.com/yourorg/gobank/internal/delivery/http/middleware/auth.go:53.2,53.46 1 0
github.com/yourorg/gobank/internal/delivery/http/middleware/auth.go:53.46,54.72 1 0
github.com/yourorg/gobank/internal/delivery/http/middleware/auth.go:54.72,56.11 2 0
github.com/yourorg/gobank/internal/delivery/http/middleware/auth.go:56.11,59.5 2 0
github.com/yourorg/gobank/internal/delivery/http/middleware/auth.go:60.4,60.45 1 0
github.com/yourorg/gobank/internal/delivery/http/middleware/auth.go:60.45,63.5 2 0
github.com/yourorg/gobank/internal/delivery/http/middleware/auth.go:64.4,64.24 1 0
github.com/yourorg/gobank/internal/delivery/http/middleware/auth.go:69.60,72.2 2 0
github.com/yourorg/gobank/internal/delivery/http/middleware/rate_limit.go:12.85,17.74 1 0
github.com/yourorg/gobank/internal/delivery/http/middleware/rate_limit.go:17.74,19.4 1 0
github.com/yourorg/gobank/internal/delivery/http/middleware/rate_limit.go:24.56,26.2 1 0
github.com/yourorg/gobank/internal/delivery/http/middleware/rate_limit.go:29.58,31.2 1 0
github.com/yourorg/gobank/internal/delivery/http/middleware/request_id.go:12.48,13.71 1 0
github.com/yourorg/gobank/internal/delivery/http/middleware/request_id.go:13.71,15.22 2 0
github.com/yourorg/gobank/internal/delivery/http/middleware/request_id.go:15.22,17.4 1 0
github.com/yourorg/gobank/internal/delivery/http/middleware/request_id.go:18.3,20.40 3 0
github.com/yourorg/gobank/internal/delivery/http/middleware/secure_headers.go:6.52,7.71 1 0
github.com/yourorg/gobank/internal/delivery/http/middleware/secure_headers.go:7.71,17.3 9 0
github.com/yourorg/gobank/pkg/jwt/jwt.go:34.105,41.2 1 0
github.com/yourorg/gobank/pkg/jwt/jwt.go:43.97,59.2 5 0
github.com/yourorg/gobank/pkg/jwt/jwt.go:61.109,78.2 6 0
github.com/yourorg/gobank/pkg/jwt/jwt.go:80.76,82.2 1 0
github.com/yourorg/gobank/pkg/jwt/jwt.go:84.77,86.2 1 0
github.com/yourorg/gobank/pkg/jwt/jwt.go:88.104,89.106 1 0
github.com/yourorg/gobank/pkg/jwt/jwt.go:89.106,90.57 1 0
github.com/yourorg/gobank/pkg/jwt/jwt.go:90.57,92.4 1 0
github.com/yourorg/gobank/pkg/jwt/jwt.go:93.3,93.21 1 0
github.com/yourorg/gobank/pkg/jwt/jwt.go:95.2,95.16 1 0
github.com/yourorg/gobank/pkg/jwt/jwt.go:95.16,96.45 1 0
github.com/yourorg/gobank/pkg/jwt/jwt.go:96.45,98.4 1 0
github.com/yourorg/gobank/pkg/jwt/jwt.go:99.3,99.25 1 0
github.com/yourorg/gobank/pkg/jwt/jwt.go:102.2,103.25 2 0
github.com/yourorg/gobank/pkg/jwt/jwt.go:103.25,105.3 1 0
github.com/yourorg/gobank/pkg/jwt/jwt.go:106.2,106.38 1 0
github.com/yourorg/gobank/pkg/jwt/jwt.go:106.38,108.3 1 0
github.com/yourorg/gobank/pkg/jwt/jwt.go:109.2,109.20 1 0
github.com/yourorg/gobank/pkg/circuitbreaker/breaker.go:11.49,17.51 1 0
github.com/yourorg/gobank/pkg/circuitbreaker/breaker.go:17.51,20.4 2 0
github.com/yourorg/gobank/pkg/circuitbreaker/breaker.go:21.62,23.4 1 0
github.com/yourorg/gobank/internal/repository/postgres/account.go:19.52,21.2 1 0
github.com/yourorg/gobank/internal/repository/postgres/account.go:23.82,32.16 3 0
github.com/yourorg/gobank/internal/repository/postgres/account.go:32.16,34.3 1 0
github.com/yourorg/gobank/internal/repository/postgres/account.go:35.2,35.12 1 0
github.com/yourorg/gobank/internal/repository/postgres/account.go:38.91,43.2 2 0
github.com/yourorg/gobank/internal/repository/postgres/account.go:45.103,50.2 2 0
github.com/yourorg/gobank/internal/repository/postgres/account.go:52.101,57.16 3 0
github.com/yourorg/gobank/internal/repository/postgres/account.go:57.16,59.3 1 0
github.com/yourorg/gobank/internal/repository/postgres/account.go:60.2,63.18 3 0
github.com/yourorg/gobank/internal/repository/postgres/account.go:63.18,65.17 2 0
github.com/yourorg/gobank/internal/repository/postgres/account.go:65.17,67.4 1 0
github.com/yourorg/gobank/internal/repository/postgres/account.go:68.3,68.34 1 0
github.com/yourorg/gobank/internal/repository/postgres/account.go:70.2,70.29 1 0
github.com/yourorg/gobank/internal/repository/postgres/account.go:75.117,81.2 3 0
github.com/yourorg/gobank/internal/repository/postgres/account.go:83.118,91.2 4 0
github.com/yourorg/gobank/internal/repository/postgres/account.go:97.66,103.35 3 0
github.com/yourorg/gobank/internal/repository/postgres/account.go:103.35,105.3 1 0
github.com/yourorg/gobank/internal/repository/postgres/account.go:106.2,106.16 1 0
github.com/yourorg/gobank/internal/repository/postgres/account.go:106.16,108.3 1 0
github.com/yourorg/gobank/internal/repository/postgres/account.go:109.2,109.15 1 0
github.com/yourorg/gobank/internal/repository/postgres/audit.go:17.48,19.2 1 0
github.com/yourorg/gobank/internal/repository/postgres/audit.go:21.77,30.16 4 0
github.com/yourorg/gobank/internal/repository/postgres/audit.go:30.16,32.3 1 0
github.com/yourorg/gobank/internal/repository/postgres/audit.go:33.2,33.12 1 0
github.com/yourorg/gobank/internal/repository/postgres/audit.go:36.120,44.16 4 0
github.com/yourorg/gobank/internal/repository/postgres/audit.go:44.16,46.3 1 0
github.com/yourorg/gobank/internal/repository/postgres/audit.go:47.2,50.18 3 0
github.com/yourorg/gobank/internal/repository/postgres/audit.go:50.18,56.17 3 0
github.com/yourorg/gobank/internal/repository/postgres/audit.go:56.17,58.4 1 0
github.com/yourorg/gobank/internal/repository/postgres/audit.go:59.3,59.20 1 0
github.com/yourorg/gobank/internal/repository/postgres/audit.go:59.20,61.4 1 0
github.com/yourorg/gobank/internal/repository/postgres/audit.go:62.3,62.25 1 0
github.com/yourorg/gobank/internal/repository/postgres/audit.go:64.2,64.25 1 0
github.com/yourorg/gobank/internal/repository/postgres/kyc.go:18.44,20.2 1 0
github.com/yourorg/gobank/internal/repository/postgres/kyc.go:22.79,30.16 3 0
github.com/yourorg/gobank/internal/repository/postgres/kyc.go:30.16,32.3 1 0
github.com/yourorg/gobank/internal/repository/postgres/kyc.go:33.2,33.12 1 0
github.com/yourorg/gobank/internal/repository/postgres/kyc.go:36.97,46.35 4 0
github.com/yourorg/gobank/internal/repository/postgres/kyc.go:46.35,48.3 1 0
github.com/yourorg/gobank/internal/repository/postgres/kyc.go:49.2,49.15 1 0
github.com/yourorg/gobank/internal/repository/postgres/kyc.go:52.115,59.2 3 0
github.com/yourorg/gobank/internal/repository/postgres/transaction.go:20.60,22.2 1 0
github.com/yourorg/gobank/internal/repository/postgres/transaction.go:24.106,36.16 5 0
github.com/yourorg/gobank/internal/repository/postgres/transaction.go:36.16,38.3 1 0
github.com/yourorg/gobank/internal/repository/postgres/transaction.go:39.2,39.12 1 0
github.com/yourorg/gobank/internal/repository/postgres/transaction.go:42.99,47.2 2 0
github.com/yourorg/gobank/internal/repository/postgres/transaction.go:49.109,54.2 2 0
github.com/yourorg/gobank/internal/repository/postgres/transaction.go:56.140,60.75 4 0
github.com/yourorg/gobank/internal/repository/postgres/transaction.go:60.75,62.3 1 0
github.com/yourorg/gobank/internal/repository/postgres/transaction.go:64.2,72.16 3 0
github.com/yourorg/gobank/internal/repository/postgres/transaction.go:72.16,74.3 1 0
github.com/yourorg/gobank/internal/repository/postgres/transaction.go:75.2,78.18 3 0
github.com/yourorg/gobank/internal/repository/postgres/transaction.go:78.18,80.17 2 0
github.com/yourorg/gobank/internal/repository/postgres/transaction.go:80.17,82.4 1 0
github.com/yourorg/gobank/internal/repository/postgres/transaction.go:83.3,83.26 1 0
github.com/yourorg/gobank/internal/repository/postgres/transaction.go:85.2,85.32 1 0
github.com/yourorg/gobank/internal/repository/postgres/transaction.go:88.134,93.2 4 0
github.com/yourorg/gobank/internal/repository/postgres/transaction.go:95.74,103.35 4 0
github.com/yourorg/gobank/internal/repository/postgres/transaction.go:103.35,105.3 1 0
github.com/yourorg/gobank/internal/repository/postgres/transaction.go:106.2,106.16 1 0
github.com/yourorg/gobank/internal/repository/postgres/transaction.go:106.16,108.3 1 0
github.com/yourorg/gobank/internal/repository/postgres/transaction.go:109.2,109.19 1 0
github.com/yourorg/gobank/internal/repository/postgres/transaction.go:109.19,111.3 1 0
github.com/yourorg/gobank/internal/repository/postgres/transaction.go:112.2,112.15 1 0
github.com/yourorg/gobank/internal/repository/postgres/tx_manager.go:16.48,18.2 1 0
github.com/yourorg/gobank/internal/repository/postgres/tx_manager.go:20.120,25.16 2 0
github.com/yourorg/gobank/internal/repository/postgres/tx_manager.go:25.16,27.3 1 0
github.com/yourorg/gobank/internal/repository/postgres/tx_manager.go:29.2,29.15 1 0
github.com/yourorg/gobank/internal/repository/postgres/tx_manager.go:29.15,30.31 1 0
github.com/yourorg/gobank/internal/repository/postgres/tx_manager.go:30.31,32.12 2 0
github.com/yourorg/gobank/internal/repository/postgres/tx_manager.go:36.2,36.39 1 0
github.com/yourorg/gobank/internal/repository/postgres/tx_manager.go:36.39,37.49 1 0
github.com/yourorg/gobank/internal/repository/postgres/tx_manager.go:37.49,39.4 1 0
github.com/yourorg/gobank/internal/repository/postgres/tx_manager.go:40.3,40.13 1 0
github.com/yourorg/gobank/internal/repository/postgres/tx_manager.go:43.2,43.26 1 0
github.com/yourorg/gobank/internal/repository/postgres/user.go:19.46,21.2 1 0
github.com/yourorg/gobank/internal/repository/postgres/user.go:23.73,31.16 3 0
github.com/yourorg/gobank/internal/repository/postgres/user.go:31.16,33.3 1 0
github.com/yourorg/gobank/internal/repository/postgres/user.go:34.2,34.12 1 0
github.com/yourorg/gobank/internal/repository/postgres/user.go:37.85,46.35 4 0
github.com/yourorg/gobank/internal/repository/postgres/user.go:46.35,48.3 1 0
github.com/yourorg/gobank/internal/repository/postgres/user.go:49.2,49.16 1 0
github.com/yourorg/gobank/internal/repository/postgres/user.go:49.16,51.3 1 0
github.com/yourorg/gobank/internal/repository/postgres/user.go:52.2,52.15 1 0
github.com/yourorg/gobank/internal/repository/postgres/user.go:55.88,64.35 4 0
github.com/yourorg/gobank/internal/repository/postgres/user.go:64.35,66.3 1 0
github.com/yourorg/gobank/internal/repository/postgres/user.go:67.2,67.16 1 0
github.com/yourorg/gobank/internal/repository/postgres/user.go:67.16,69.3 1 0
github.com/yourorg/gobank/internal/repository/postgres/user.go:70.2,70.15 1 0
github.com/yourorg/gobank/internal/repository/postgres/user.go:73.100,77.2 3 0
github.com/yourorg/gobank/internal/repository/postgres/user.go:79.92,88.2 3 0
github.com/yourorg/gobank/internal/repository/postgres/user.go:90.101,98.35 4 0
github.com/yourorg/gobank/internal/repository/postgres/user.go:98.35,100.3 1 0
github.com/yourorg/gobank/internal/repository/postgres/user.go:101.2,101.15 1 0
github.com/yourorg/gobank/internal/repository/postgres/user.go:104.80,108.2 3 0
github.com/yourorg/gobank/internal/repository/postgres/user.go:110.92,114.2 3 0
github.com/yourorg/gobank/internal/usecase/kyc/usecase.go:24.137,26.2 1 0
github.com/yourorg/gobank/internal/usecase/kyc/usecase.go:28.122,30.57 2 0
github.com/yourorg/gobank/internal/usecase/kyc/usecase.go:30.57,32.3 1 0
github.com/yourorg/gobank/internal/usecase/kyc/usecase.go:33.2,33.68 1 0
github.com/yourorg/gobank/internal/usecase/kyc/usecase.go:33.68,35.3 1 0
github.com/yourorg/gobank/internal/usecase/kyc/usecase.go:37.2,38.16 2 0
github.com/yourorg/gobank/internal/usecase/kyc/usecase.go:38.16,40.3 1 0
github.com/yourorg/gobank/internal/usecase/kyc/usecase.go:42.2,54.21 3 0
github.com/yourorg/gobank/internal/usecase/kyc/usecase.go:54.21,56.91 1 0
github.com/yourorg/gobank/internal/usecase/kyc/usecase.go:56.91,58.4 1 0
github.com/yourorg/gobank/internal/usecase/kyc/usecase.go:59.8,60.56 1 0
github.com/yourorg/gobank/internal/usecase/kyc/usecase.go:60.56,62.4 1 0
github.com/yourorg/gobank/internal/usecase/kyc/usecase.go:66.2,78.20 3 0
github.com/yourorg/gobank/internal/usecase/kyc/usecase.go:81.96,83.2 1 0
github.com/yourorg/gobank/internal/usecase/kyc/usecase.go:86.87,87.97 1 0
github.com/yourorg/gobank/internal/usecase/kyc/usecase.go:87.97,89.3 1 0
github.com/yourorg/gobank/internal/usecase/kyc/usecase.go:90.2,100.12 3 0
github.com/yourorg/gobank/pkg/password/argon2.go:30.55,32.43 2 0
github.com/yourorg/gobank/pkg/password/argon2.go:32.43,34.3 1 0
github.com/yourorg/gobank/pkg/password/argon2.go:36.2,43.8 4 0
github.com/yourorg/gobank/pkg/password/argon2.go:47.57,49.16 2 0
github.com/yourorg/gobank/pkg/password/argon2.go:49.16,51.3 1 0
github.com/yourorg/gobank/pkg/password/argon2.go:53.2,55.62 2 0
github.com/yourorg/gobank/pkg/password/argon2.go:58.66,60.21 2 0
github.com/yourorg/gobank/pkg/password/argon2.go:60.21,62.3 1 0
github.com/yourorg/gobank/pkg/password/argon2.go:64.2,65.66 2 0
github.com/yourorg/gobank/pkg/password/argon2.go:65.66,67.3 1 0
github.com/yourorg/gobank/pkg/password/argon2.go:68.2,68.31 1 0
github.com/yourorg/gobank/pkg/password/argon2.go:68.31,70.3 1 0
github.com/yourorg/gobank/pkg/password/argon2.go:72.2,73.108 2 0
github.com/yourorg/gobank/pkg/password/argon2.go:73.108,75.3 1 0
github.com/yourorg/gobank/pkg/password/argon2.go:77.2,78.16 2 0
github.com/yourorg/gobank/pkg/password/argon2.go:78.16,80.3 1 0
github.com/yourorg/gobank/pkg/password/argon2.go:81.2,84.16 3 0
github.com/yourorg/gobank/pkg/password/argon2.go:84.16,86.3 1 0
github.com/yourorg/gobank/pkg/password/argon2.go:87.2,89.27 2 0
github.com/yourorg/gobank/pkg/tracer/tracer.go:17.84,19.16 2 0
github.com/yourorg/gobank/pkg/tracer/tracer.go:19.16,21.3 1 0
github.com/yourorg/gobank/pkg/tracer/tracer.go:23.2,26.16 2 0
github.com/yourorg/gobank/pkg/tracer/tracer.go:26.16,28.3 1 0
github.com/yourorg/gobank/pkg/tracer/tracer.go:30.2,39.25 4 0
github.com/yourorg/gobank/pkg/response/response.go:27.64,34.2 3 0
github.com/yourorg/gobank/pkg/response/response.go:36.73,46.2 3 0
github.com/yourorg/gobank/pkg/response/response.go:48.84,56.2 3 0
github.com/yourorg/gobank/pkg/logger/logger.go:8.43,11.25 2 0
github.com/yourorg/gobank/pkg/logger/logger.go:11.25,15.3 3 0
github.com/yourorg/gobank/pkg/logger/logger.go:15.8,18.3 2 0
github.com/yourorg/gobank/pkg/logger/logger.go:20.2,20.20 1 0
github.com/yourorg/gobank/internal/delivery/http/handler/account.go:21.63,23.2 1 1
github.com/yourorg/gobank/internal/delivery/http/handler/account.go:25.73,28.16 3 0
github.com/yourorg/gobank/internal/delivery/http/handler/account.go:28.16,31.3 2 0
github.com/yourorg/gobank/internal/delivery/http/handler/account.go:33.2,34.61 2 0
github.com/yourorg/gobank/internal/delivery/http/handler/account.go:34.61,37.3 2 0
github.com/yourorg/gobank/internal/delivery/http/handler/account.go:38.2,38.47 1 0
github.com/yourorg/gobank/internal/delivery/http/handler/account.go:38.47,41.3 2 0
github.com/yourorg/gobank/internal/delivery/http/handler/account.go:43.2,44.16 2 0
github.com/yourorg/gobank/internal/delivery/http/handler/account.go:44.16,45.45 1 0
github.com/yourorg/gobank/internal/delivery/http/handler/account.go:45.45,48.4 2 0
github.com/yourorg/gobank/internal/delivery/http/handler/account.go:49.3,50.9 2 0
github.com/yourorg/gobank/internal/delivery/http/handler/account.go:53.2,53.44 1 0
github.com/yourorg/gobank/internal/delivery/http/handler/account.go:56.70,60.16 4 0
github.com/yourorg/gobank/internal/delivery/http/handler/account.go:60.16,63.3 2 0
github.com/yourorg/gobank/internal/delivery/http/handler/account.go:65.2,66.16 2 0
github.com/yourorg/gobank/internal/delivery/http/handler/account.go:66.16,67.36 1 0
github.com/yourorg/gobank/internal/delivery/http/handler/account.go:67.36,70.4 2 0
github.com/yourorg/gobank/internal/delivery/http/handler/account.go:71.3,72.9 2 0
github.com/yourorg/gobank/internal/delivery/http/handler/account.go:75.2,75.39 1 0
github.com/yourorg/gobank/internal/delivery/http/handler/account.go:78.71,83.16 4 1
github.com/yourorg/gobank/internal/delivery/http/handler/account.go:83.16,86.3 2 0
github.com/yourorg/gobank/internal/delivery/http/handler/account.go:88.2,88.43 1 1
github.com/yourorg/gobank/internal/delivery/http/handler/auth.go:20.54,22.2 1 2
github.com/yourorg/gobank/internal/delivery/http/handler/auth.go:24.72,26.61 2 1
github.com/yourorg/gobank/internal/delivery/http/handler/auth.go:26.61,29.3 2 0
github.com/yourorg/gobank/internal/delivery/http/handler/auth.go:30.2,30.47 1 1
github.com/yourorg/gobank/internal/delivery/http/handler/auth.go:30.47,33.3 2 0
github.com/yourorg/gobank/internal/delivery/http/handler/auth.go:35.2,36.16 2 1
github.com/yourorg/gobank/internal/delivery/http/handler/auth.go:36.16,37.14 1 0
github.com/yourorg/gobank/internal/delivery/http/handler/auth.go:38.29,39.74 1 0
github.com/yourorg/gobank/internal/delivery/http/handler/auth.go:40.11,41.92 1 0
github.com/yourorg/gobank/internal/delivery/http/handler/auth.go:43.3,43.9 1 0
github.com/yourorg/gobank/internal/delivery/http/handler/auth.go:46.2,46.44 1 1
github.com/yourorg/gobank/internal/delivery/http/handler/auth.go:49.69,51.61 2 1
github.com/yourorg/gobank/internal/delivery/http/handler/auth.go:51.61,54.3 2 0
github.com/yourorg/gobank/internal/delivery/http/handler/auth.go:55.2,55.47 1 1
github.com/yourorg/gobank/internal/delivery/http/handler/auth.go:55.47,58.3 2 0
github.com/yourorg/gobank/internal/delivery/http/handler/auth.go:60.2,61.16 2 1
github.com/yourorg/gobank/internal/delivery/http/handler/auth.go:61.16,62.14 1 0
github.com/yourorg/gobank/internal/delivery/http/handler/auth.go:63.37,64.102 1 0
github.com/yourorg/gobank/internal/delivery/http/handler/auth.go:65.35,66.92 1 0
github.com/yourorg/gobank/internal/delivery/http/handler/auth.go:67.11,68.85 1 0
github.com/yourorg/gobank/internal/delivery/http/handler/auth.go:70.3,70.9 1 0
github.com/yourorg/gobank/internal/delivery/http/handler/auth.go:73.2,73.41 1 1
github.com/yourorg/gobank/internal/delivery/http/handler/auth.go:76.76,80.62 2 0
github.com/yourorg/gobank/internal/delivery/http/handler/auth.go:80.62,83.3 2 0
github.com/yourorg/gobank/internal/delivery/http/handler/auth.go:84.2,84.48 1 0
github.com/yourorg/gobank/internal/delivery/http/handler/auth.go:84.48,87.3 2 0
github.com/yourorg/gobank/internal/delivery/http/handler/auth.go:89.2,90.16 2 0
github.com/yourorg/gobank/internal/delivery/http/handler/auth.go:90.16,93.3 2 0
github.com/yourorg/gobank/internal/delivery/http/handler/auth.go:95.2,95.41 1 0
github.com/yourorg/gobank/internal/delivery/http/handler/auth.go:98.70,100.9 2 0
github.com/yourorg/gobank/internal/delivery/http/handler/auth.go:100.9,103.3 2 0
github.com/yourorg/gobank/internal/delivery/http/handler/auth.go:105.2,106.16 2 0
github.com/yourorg/gobank/internal/delivery/http/handler/auth.go:106.16,109.3 2 0
github.com/yourorg/gobank/internal/delivery/http/handler/auth.go:111.2,111.68 1 0
github.com/yourorg/gobank/internal/delivery/http/handler/auth.go:111.68,114.3 2 0
github.com/yourorg/gobank/internal/delivery/http/handler/auth.go:116.2,116.90 1 0
github.com/yourorg/gobank/internal/delivery/http/handler/auth.go:119.37,120.47 1 3
github.com/yourorg/gobank/internal/delivery/http/handler/auth.go:120.47,122.3 1 0
github.com/yourorg/gobank/internal/delivery/http/handler/auth.go:123.2,123.53 1 3
github.com/yourorg/gobank/internal/delivery/http/handler/auth.go:123.53,125.3 1 0
github.com/yourorg/gobank/internal/delivery/http/handler/auth.go:126.2,126.21 1 3
github.com/yourorg/gobank/internal/delivery/http/handler/kyc.go:20.51,22.2 1 1
github.com/yourorg/gobank/internal/delivery/http/handler/kyc.go:24.69,29.61 4 1
github.com/yourorg/gobank/internal/delivery/http/handler/kyc.go:29.61,32.3 2 0
github.com/yourorg/gobank/internal/delivery/http/handler/kyc.go:33.2,33.47 1 1
github.com/yourorg/gobank/internal/delivery/http/handler/kyc.go:33.47,36.3 2 0
github.com/yourorg/gobank/internal/delivery/http/handler/kyc.go:38.2,39.16 2 1
github.com/yourorg/gobank/internal/delivery/http/handler/kyc.go:39.16,40.38 1 0
github.com/yourorg/gobank/internal/delivery/http/handler/kyc.go:40.38,43.4 2 0
github.com/yourorg/gobank/internal/delivery/http/handler/kyc.go:44.3,45.9 2 0
github.com/yourorg/gobank/internal/delivery/http/handler/kyc.go:48.2,48.46 1 1
github.com/yourorg/gobank/internal/delivery/http/handler/kyc.go:51.72,56.16 4 0
github.com/yourorg/gobank/internal/delivery/http/handler/kyc.go:56.16,59.3 2 0
github.com/yourorg/gobank/internal/delivery/http/handler/kyc.go:61.2,61.41 1 0
github.com/yourorg/gobank/internal/delivery/http/handler/kyc.go:64.74,71.62 4 0
github.com/yourorg/gobank/internal/delivery/http/handler/kyc.go:71.62,74.3 2 0
github.com/yourorg/gobank/internal/delivery/http/handler/kyc.go:75.2,77.68 2 0
github.com/yourorg/gobank/internal/delivery/http/handler/kyc.go:77.68,80.3 2 0
github.com/yourorg/gobank/internal/delivery/http/handler/kyc.go:82.2,82.74 1 0
github.com/yourorg/gobank/internal/delivery/http/handler/transaction.go:22.66,24.2 1 1
github.com/yourorg/gobank/internal/delivery/http/handler/transaction.go:26.79,29.16 3 1
github.com/yourorg/gobank/internal/delivery/http/handler/transaction.go:29.16,32.3 2 0
github.com/yourorg/gobank/internal/delivery/http/handler/transaction.go:34.2,35.61 2 1
github.com/yourorg/gobank/internal/delivery/http/handler/transaction.go:35.61,38.3 2 0
github.com/yourorg/gobank/internal/delivery/http/handler/transaction.go:39.2,39.47 1 1
github.com/yourorg/gobank/internal/delivery/http/handler/transaction.go:39.47,42.3 2 0
github.com/yourorg/gobank/internal/delivery/http/handler/transaction.go:44.2,45.16 2 1
github.com/yourorg/gobank/internal/delivery/http/handler/transaction.go:45.16,46.14 1 0
github.com/yourorg/gobank/internal/delivery/http/handler/transaction.go:47.34,48.92 1 0
github.com/yourorg/gobank/internal/delivery/http/handler/transaction.go:49.33,50.92 1 0
github.com/yourorg/gobank/internal/delivery/http/handler/transaction.go:51.33,52.91 1 0
github.com/yourorg/gobank/internal/delivery/http/handler/transaction.go:53.28,54.86 1 0
github.com/yourorg/gobank/internal/delivery/http/handler/transaction.go:55.29,56.73 1 0
github.com/yourorg/gobank/internal/delivery/http/handler/transaction.go:57.11,58.88 1 0
github.com/yourorg/gobank/internal/delivery/http/handler/transaction.go:60.3,60.9 1 0
github.com/yourorg/gobank/internal/delivery/http/handler/transaction.go:63.2,63.43 1 1
github.com/yourorg/gobank/internal/delivery/http/handler/transaction.go:66.74,71.16 4 0
github.com/yourorg/gobank/internal/delivery/http/handler/transaction.go:71.16,74.3 2 0
github.com/yourorg/gobank/internal/delivery/http/handler/transaction.go:76.2,77.16 2 0
github.com/yourorg/gobank/internal/delivery/http/handler/transaction.go:77.16,80.3 2 0
github.com/yourorg/gobank/internal/delivery/http/handler/transaction.go:82.2,82.38 1 0
github.com/yourorg/gobank/internal/delivery/http/handler/transaction.go:85.75,90.14 4 0
github.com/yourorg/gobank/internal/delivery/http/handler/transaction.go:90.14,92.3 1 0
github.com/yourorg/gobank/internal/delivery/http/handler/transaction.go:93.2,94.36 2 0
github.com/yourorg/gobank/internal/delivery/http/handler/transaction.go:94.36,96.3 1 0
github.com/yourorg/gobank/internal/delivery/http/handler/transaction.go:98.2,103.47 2 0
github.com/yourorg/gobank/internal/delivery/http/handler/transaction.go:103.47,106.3 2 0
github.com/yourorg/gobank/internal/delivery/http/handler/transaction.go:108.2,109.16 2 0
github.com/yourorg/gobank/internal/delivery/http/handler/transaction.go:109.16,110.31 1 0
github.com/yourorg/gobank/internal/delivery/http/handler/transaction.go:110.31,113.4 2 0
github.com/yourorg/gobank/internal/delivery/http/handler/transaction.go:114.3,115.9 2 0
github.com/yourorg/gobank/internal/delivery/http/handler/transaction.go:118.2,119.25 2 0
github.com/yourorg/gobank/internal/delivery/http/handler/transaction.go:119.25,121.3 1 0
github.com/yourorg/gobank/internal/delivery/http/handler/transaction.go:123.2,128.4 1 0
